C:/Users/Sebastian/STM32Cube/Repository/STM32Cube_FW_G4_V1.6.2/Drivers/STM32G4xx_HAL_Driver/Src/stm32g4xx_hal_flash_ramfunc.c:92:30:HAL_FLASHEx_EnableRunPowerDown	0	static
C:/Users/Sebastian/STM32Cube/Repository/STM32Cube_FW_G4_V1.6.2/Drivers/STM32G4xx_HAL_Driver/Src/stm32g4xx_hal_flash_ramfunc.c:106:30:HAL_FLASHEx_DisableRunPowerDown	0	static
C:/Users/Sebastian/STM32Cube/Repository/STM32Cube_FW_G4_V1.6.2/Drivers/STM32G4xx_HAL_Driver/Src/stm32g4xx_hal_flash_ramfunc.c:130:30:HAL_FLASHEx_OB_DBankConfig	8	static
