Archive member included to satisfy reference by file (symbol)

C:/ST/STM32CubeIDE_2.1.1/STM32CubeIDE/plugins/com.st.stm32cube.ide.mcu.externaltools.gnu-tools-for-stm32.14.3.rel1.win32_1.0.100.202602081740/tools/bin/../lib/gcc/arm-none-eabi/14.3.1/../../../../arm-none-eabi/lib/thumb/v7e-m+fp/hard\libc_nano.a(libc_a-exit.o)
                              C:/ST/STM32CubeIDE_2.1.1/STM32CubeIDE/plugins/com.st.stm32cube.ide.mcu.externaltools.gnu-tools-for-stm32.14.3.rel1.win32_1.0.100.202602081740/tools/bin/../lib/gcc/arm-none-eabi/14.3.1/../../../../arm-none-eabi/lib/thumb/v7e-m+fp/hard/crt0.o (exit)
C:/ST/STM32CubeIDE_2.1.1/STM32CubeIDE/plugins/com.st.stm32cube.ide.mcu.externaltools.gnu-tools-for-stm32.14.3.rel1.win32_1.0.100.202602081740/tools/bin/../lib/gcc/arm-none-eabi/14.3.1/../../../../arm-none-eabi/lib/thumb/v7e-m+fp/hard\libc_nano.a(libc_a-findfp.o)
                              C:/ST/STM32CubeIDE_2.1.1/STM32CubeIDE/plugins/com.st.stm32cube.ide.mcu.externaltools.gnu-tools-for-stm32.14.3.rel1.win32_1.0.100.202602081740/tools/bin/../lib/gcc/arm-none-eabi/14.3.1/../../../../arm-none-eabi/lib/thumb/v7e-m+fp/hard\libc_nano.a(libc_a-exit.o) (__stdio_exit_handler)
C:/ST/STM32CubeIDE_2.1.1/STM32CubeIDE/plugins/com.st.stm32cube.ide.mcu.externaltools.gnu-tools-for-stm32.14.3.rel1.win32_1.0.100.202602081740/tools/bin/../lib/gcc/arm-none-eabi/14.3.1/../../../../arm-none-eabi/lib/thumb/v7e-m+fp/hard\libc_nano.a(libc_a-fwalk.o)
                              C:/ST/STM32CubeIDE_2.1.1/STM32CubeIDE/plugins/com.st.stm32cube.ide.mcu.externaltools.gnu-tools-for-stm32.14.3.rel1.win32_1.0.100.202602081740/tools/bin/../lib/gcc/arm-none-eabi/14.3.1/../../../../arm-none-eabi/lib/thumb/v7e-m+fp/hard\libc_nano.a(libc_a-findfp.o) (_fwalk_sglue)
C:/ST/STM32CubeIDE_2.1.1/STM32CubeIDE/plugins/com.st.stm32cube.ide.mcu.externaltools.gnu-tools-for-stm32.14.3.rel1.win32_1.0.100.202602081740/tools/bin/../lib/gcc/arm-none-eabi/14.3.1/../../../../arm-none-eabi/lib/thumb/v7e-m+fp/hard\libc_nano.a(libc_a-stdio.o)
                              C:/ST/STM32CubeIDE_2.1.1/STM32CubeIDE/plugins/com.st.stm32cube.ide.mcu.externaltools.gnu-tools-for-stm32.14.3.rel1.win32_1.0.100.202602081740/tools/bin/../lib/gcc/arm-none-eabi/14.3.1/../../../../arm-none-eabi/lib/thumb/v7e-m+fp/hard\libc_nano.a(libc_a-findfp.o) (__sread)
C:/ST/STM32CubeIDE_2.1.1/STM32CubeIDE/plugins/com.st.stm32cube.ide.mcu.externaltools.gnu-tools-for-stm32.14.3.rel1.win32_1.0.100.202602081740/tools/bin/../lib/gcc/arm-none-eabi/14.3.1/../../../../arm-none-eabi/lib/thumb/v7e-m+fp/hard\libc_nano.a(libc_a-memset.o)
                              C:/ST/STM32CubeIDE_2.1.1/STM32CubeIDE/plugins/com.st.stm32cube.ide.mcu.externaltools.gnu-tools-for-stm32.14.3.rel1.win32_1.0.100.202602081740/tools/bin/../lib/gcc/arm-none-eabi/14.3.1/../../../../arm-none-eabi/lib/thumb/v7e-m+fp/hard/crt0.o (memset)
C:/ST/STM32CubeIDE_2.1.1/STM32CubeIDE/plugins/com.st.stm32cube.ide.mcu.externaltools.gnu-tools-for-stm32.14.3.rel1.win32_1.0.100.202602081740/tools/bin/../lib/gcc/arm-none-eabi/14.3.1/../../../../arm-none-eabi/lib/thumb/v7e-m+fp/hard\libc_nano.a(libc_a-closer.o)
                              C:/ST/STM32CubeIDE_2.1.1/STM32CubeIDE/plugins/com.st.stm32cube.ide.mcu.externaltools.gnu-tools-for-stm32.14.3.rel1.win32_1.0.100.202602081740/tools/bin/../lib/gcc/arm-none-eabi/14.3.1/../../../../arm-none-eabi/lib/thumb/v7e-m+fp/hard\libc_nano.a(libc_a-stdio.o) (_close_r)
C:/ST/STM32CubeIDE_2.1.1/STM32CubeIDE/plugins/com.st.stm32cube.ide.mcu.externaltools.gnu-tools-for-stm32.14.3.rel1.win32_1.0.100.202602081740/tools/bin/../lib/gcc/arm-none-eabi/14.3.1/../../../../arm-none-eabi/lib/thumb/v7e-m+fp/hard\libc_nano.a(libc_a-reent.o)
                              C:/ST/STM32CubeIDE_2.1.1/STM32CubeIDE/plugins/com.st.stm32cube.ide.mcu.externaltools.gnu-tools-for-stm32.14.3.rel1.win32_1.0.100.202602081740/tools/bin/../lib/gcc/arm-none-eabi/14.3.1/../../../../arm-none-eabi/lib/thumb/v7e-m+fp/hard\libc_nano.a(libc_a-closer.o) (errno)
C:/ST/STM32CubeIDE_2.1.1/STM32CubeIDE/plugins/com.st.stm32cube.ide.mcu.externaltools.gnu-tools-for-stm32.14.3.rel1.win32_1.0.100.202602081740/tools/bin/../lib/gcc/arm-none-eabi/14.3.1/../../../../arm-none-eabi/lib/thumb/v7e-m+fp/hard\libc_nano.a(libc_a-impure.o)
                              C:/ST/STM32CubeIDE_2.1.1/STM32CubeIDE/plugins/com.st.stm32cube.ide.mcu.externaltools.gnu-tools-for-stm32.14.3.rel1.win32_1.0.100.202602081740/tools/bin/../lib/gcc/arm-none-eabi/14.3.1/../../../../arm-none-eabi/lib/thumb/v7e-m+fp/hard\libc_nano.a(libc_a-reent.o) (_impure_ptr)
C:/ST/STM32CubeIDE_2.1.1/STM32CubeIDE/plugins/com.st.stm32cube.ide.mcu.externaltools.gnu-tools-for-stm32.14.3.rel1.win32_1.0.100.202602081740/tools/bin/../lib/gcc/arm-none-eabi/14.3.1/../../../../arm-none-eabi/lib/thumb/v7e-m+fp/hard\libc_nano.a(libc_a-lseekr.o)
[...]
Memory Configuration

Name             Origin             Length             Attributes
RAM              0x20000000         0x00020000         xrw
FLASH            0x08000000         0x00080000         xr
*default*        0x00000000         0xffffffff

Linker script and memory map

LOAD C:/ST/STM32CubeIDE_2.1.1/STM32CubeIDE/plugins/com.st.stm32cube.ide.mcu.externaltools.gnu-tools-for-stm32.14.3.rel1.win32_1.0.100.202602081740/tools/bin/../lib/gcc/arm-none-eabi/14.3.1/thumb/v7e-m+fp/hard/crti.o
LOAD C:/ST/STM32CubeIDE_2.1.1/STM32CubeIDE/plugins/com.st.stm32cube.ide.mcu.externaltools.gnu-tools-for-stm32.14.3.rel1.win32_1.0.100.202602081740/tools/bin/../lib/gcc/arm-none-eabi/14.3.1/thumb/v7e-m+fp/hard/crtbegin.o
LOAD C:/ST/STM32CubeIDE_2.1.1/STM32CubeIDE/plugins/com.st.stm32cube.ide.mcu.externaltools.gnu-tools-for-stm32.14.3.rel1.win32_1.0.100.202602081740/tools/bin/../lib/gcc/arm-none-eabi/14.3.1/../../../../arm-none-eabi/lib/thumb/v7e-m+fp/hard/crt0.o
LOAD ./Core/Src/app.o
LOAD ./Core/Src/gpio.o
LOAD ./Core/Src/main.o
LOAD ./Core/Src/stm32g4xx_hal_msp.o
LOAD ./Core/Src/stm32g4xx_it.o
LOAD ./Core/Src/syscalls.o
LOAD ./Core/Src/sysmem.o
LOAD ./Core/Src/system_stm32g4xx.o
LOAD ./Core/Src/tim.o
LOAD ./Core/Src/usart.o
LOAD ./Core/Startup/startup_stm32g474retx.o
LOAD ./Drivers/STM32G4xx_HAL_Driver/stm32g4xx_hal.o
LOAD ./Drivers/STM32G4xx_HAL_Driver/stm32g4xx_hal_cortex.o
LOAD ./Drivers/STM32G4xx_HAL_Driver/stm32g4xx_hal_dma.o
LOAD ./Drivers/STM32G4xx_HAL_Driver/stm32g4xx_hal_dma_ex.o
LOAD ./Drivers/STM32G4xx_HAL_Driver/stm32g4xx_hal_exti.o
LOAD ./Drivers/STM32G4xx_HAL_Driver/stm32g4xx_hal_flash.o
LOAD ./Drivers/STM32G4xx_HAL_Driver/stm32g4xx_hal_flash_ex.o
LOAD ./Drivers/STM32G4xx_HAL_Driver/stm32g4xx_hal_flash_ramfunc.o
LOAD ./Drivers/STM32G4xx_HAL_Driver/stm32g4xx_hal_gpio.o
LOAD ./Drivers/STM32G4xx_HAL_Driver/stm32g4xx_hal_pwr.o
LOAD ./Drivers/STM32G4xx_HAL_Driver/stm32g4xx_hal_pwr_ex.o
LOAD ./Drivers/STM32G4xx_HAL_Driver/stm32g4xx_hal_rcc.o
LOAD ./Drivers/STM32G4xx_HAL_Driver/stm32g4xx_hal_rcc_ex.o
LOAD ./Drivers/STM32G4xx_HAL_Driver/stm32g4xx_hal_tim.o
LOAD ./Drivers/STM32G4xx_HAL_Driver/stm32g4xx_hal_tim_ex.o
LOAD ./Drivers/STM32G4xx_HAL_Driver/stm32g4xx_hal_uart.o
LOAD ./Drivers/STM32G4xx_HAL_Driver/stm32g4xx_hal_uart_ex.o
LOAD ./Libs/libConfig/src/config.o
LOAD ./Libs/libModbus/src/modbus_crc16.o
LOAD ./Libs/libModbus/src/modbus_slave.o
LOAD ./Libs/libModbus/src/modbus_slave_handlers.o
START GROUP
LOAD C:/ST/STM32CubeIDE_2.1.1/STM32CubeIDE/plugins/com.st.stm32cube.ide.mcu.externaltools.gnu-tools-for-stm32.14.3.rel1.win32_1.0.100.202602081740/tools/bin/../lib/gcc/arm-none-eabi/14.3.1/../../../../arm-none-eabi/lib/thumb/v7e-m+fp/hard\libc_nano.a
LOAD C:/ST/STM32CubeIDE_2.1.1/STM32CubeIDE/plugins/com.st.stm32cube.ide.mcu.externaltools.gnu-tools-for-stm32.14.3.rel1.win32_1.0.100.202602081740/tools/bin/../lib/gcc/arm-none-eabi/14.3.1/../../../../arm-none-eabi/lib/thumb/v7e-m+fp/hard\libm.a
END GROUP
START GROUP
LOAD C:/ST/STM32CubeIDE_2.1.1/STM32CubeIDE/plugins/com.st.stm32cube.ide.mcu.externaltools.gnu-tools-for-stm32.14.3.rel1.win32_1.0.100.202602081740/tools/bin/../lib/gcc/arm-none-eabi/14.3.1/thumb/v7e-m+fp/hard\libgcc.a
LOAD C:/ST/STM32CubeIDE_2.1.1/STM32CubeIDE/plugins/com.st.stm32cube.ide.mcu.externaltools.gnu-tools-for-stm32.14.3.rel1.win32_1.0.100.202602081740/tools/bin/../lib/gcc/arm-none-eabi/14.3.1/../../../../arm-none-eabi/lib/thumb/v7e-m+fp/hard\libc_nano.a
END GROUP
START GROUP
LOAD C:/ST/STM32CubeIDE_2.1.1/STM32CubeIDE/plugins/com.st.stm32cube.ide.mcu.externaltools.gnu-tools-for-stm32.14.3.rel1.win32_1.0.100.202602081740/tools/bin/../lib/gcc/arm-none-eabi/14.3.1/thumb/v7e-m+fp/hard\libgcc.a
LOAD C:/ST/STM32CubeIDE_2.1.1/STM32CubeIDE/plugins/com.st.stm32cube.ide.mcu.externaltools.gnu-tools-for-stm32.14.3.rel1.win32_1.0.100.202602081740/tools/bin/../lib/gcc/arm-none-eabi/14.3.1/../../../../arm-none-eabi/lib/thumb/v7e-m+fp/hard\libc_nano.a
LOAD C:/ST/STM32CubeIDE_2.1.1/STM32CubeIDE/plugins/com.st.stm32cube.ide.mcu.externaltools.gnu-tools-for-stm32.14.3.rel1.win32_1.0.100.202602081740/tools/bin/../lib/gcc/arm-none-eabi/14.3.1/../../../../arm-none-eabi/lib/thumb/v7e-m+fp/hard\libnosys.a
END GROUP
START GROUP
LOAD C:/ST/STM32CubeIDE_2.1.1/STM32CubeIDE/plugins/com.st.stm32cube.ide.mcu.externaltools.gnu-tools-for-stm32.14.3.rel1.win32_1.0.100.202602081740/tools/bin/../lib/gcc/arm-none-eabi/14.3.1/thumb/v7e-m+fp/hard\libgcc.a
LOAD C:/ST/STM32CubeIDE_2.1.1/STM32CubeIDE/plugins/com.st.stm32cube.ide.mcu.externaltools.gnu-tools-for-stm32.14.3.rel1.win32_1.0.100.202602081740/tools/bin/../lib/gcc/arm-none-eabi/14.3.1/../../../../arm-none-eabi/lib/thumb/v7e-m+fp/hard\libc_nano.a
LOAD C:/ST/STM32CubeIDE_2.1.1/STM32CubeIDE/plugins/com.st.stm32cube.ide.mcu.externaltools.gnu-tools-for-stm32.14.3.rel1.win32_1.0.100.202602081740/tools/bin/../lib/gcc/arm-none-eabi/14.3.1/../../../../arm-none-eabi/lib/thumb/v7e-m+fp/hard\libnosys.a
END GROUP
LOAD C:/ST/STM32CubeIDE_2.1.1/STM32CubeIDE/plugins/com.st.stm32cube.ide.mcu.externaltools.gnu-tools-for-stm32.14.3.rel1.win32_1.0.100.202602081740/tools/bin/../lib/gcc/arm-none-eabi/14.3.1/thumb/v7e-m+fp/hard/crtend.o
LOAD C:/ST/STM32CubeIDE_2.1.1/STM32CubeIDE/plugins/com.st.stm32cube.ide.mcu.externaltools.gnu-tools-for-stm32.14.3.rel1.win32_1.0.100.202602081740/tools/bin/../lib/gcc/arm-none-eabi/14.3.1/thumb/v7e-m+fp/hard/crtn.o
                0x20020000                        _estack = (ORIGIN (RAM) + LENGTH (RAM))
                0x00000200                        _Min_Heap_Size = 0x200
                0x00000400                        _Min_Stack_Size = 0x400

.isr_vector     0x08000000      0x1d8
                0x08000000                        . = ALIGN (0x4)
 *(.isr_vector)
 .isr_vector    0x08000000      0x1d8 ./Core/Startup/startup_stm32g474retx.o
                0x08000000                g_pfnVectors
                0x080001d8                        . = ALIGN (0x4)

.text           0x080001d8     0x4820
                0x080001d8                        . = ALIGN (0x4)
 *(.text)
 .text          0x080001d8       0x40 C:/ST/STM32CubeIDE_2.1.1/STM32CubeIDE/plugins/com.st.stm32cube.ide.mcu.externaltools.gnu-tools-for-stm32.14.3.rel1.win32_1.0.100.202602081740/tools/bin/../lib/gcc/arm-none-eabi/14.3.1/thumb/v7e-m+fp/hard/crtbegin.o
 .text          0x08000218       0x30 C:/ST/STM32CubeIDE_2.1.1/STM32CubeIDE/plugins/com.st.stm32cube.ide.mcu.externaltools.gnu-tools-for-stm32.14.3.rel1.win32_1.0.100.202602081740/tools/bin/../lib/gcc/arm-none-eabi/14.3.1/thumb/v7e-m+fp/hard\libgcc.a(_aeabi_uldivmod.o)
                0x08000218                __aeabi_uldivmod
 .text          0x08000248      0x2f8 C:/ST/STM32CubeIDE_2.1.1/STM32CubeIDE/plugins/com.st.stm32cube.ide.mcu.externaltools.gnu-tools-for-stm32.14.3.rel1.win32_1.0.100.202602081740/tools/bin/../lib/gcc/arm-none-eabi/14.3.1/thumb/v7e-m+fp/hard\libgcc.a(_udivmoddi4.o)
                0x08000248                __udivmoddi4
 .text          0x08000540        0x4 C:/ST/STM32CubeIDE_2.1.1/STM32CubeIDE/plugins/com.st.stm32cube.ide.mcu.externaltools.gnu-tools-for-stm32.14.3.rel1.win32_1.0.100.202602081740/tools/bin/../lib/gcc/arm-none-eabi/14.3.1/thumb/v7e-m+fp/hard\libgcc.a(_dvmd_tls.o)
                0x08000540                __aeabi_idiv0
                0x08000540                __aeabi_ldiv0
 *(.text*)
 .text.pwm_apply_channel
                0x08000544       0x70 ./Core/Src/app.o
 .text.mb_write_single_register
                0x080005b4       0x6c ./Core/Src/app.o
 .text.mb_transmit
                0x08000620       0x5c ./Core/Src/app.o
 .text.mb_write_multiple_registers
                0x0800067c       0xd4 ./Core/Src/app.o
 .text.mb_read_holding_registers
                0x08000750       0x50 ./Core/Src/app.o
 .text.HAL_UART_RxCpltCallback
                0x080007a0       0x48 ./Core/Src/app.o
                0x080007a0                HAL_UART_RxCpltCallback
 .text.HAL_UART_ErrorCallback
                0x080007e8       0x20 ./Core/Src/app.o
                0x080007e8                HAL_UART_ErrorCallback
 .text.HAL_TIM_PeriodElapsedCallback
                0x08000808       0x50 ./Core/Src/app.o
                0x08000808                HAL_TIM_PeriodElapsedCallback
 .text.app_init
                0x08000858       0xb4 ./Core/Src/app.o
                0x08000858                app_init
 .text.app_poll
                0x0800090c       0xc8 ./Core/Src/app.o
                0x0800090c                app_poll
 .text.MX_GPIO_Init
                0x080009d4       0x78 ./Core/Src/gpio.o
                0x080009d4                MX_GPIO_Init
 .text.SystemClock_Config
                0x08000a4c       0x6c ./Core/Src/main.o
                0x08000a4c                SystemClock_Config
 .text.startup.main
                0x08000ab8       0x30 ./Core/Src/main.o
                0x08000ab8                main
 .text.Error_Handler
                0x08000ae8        0x4 ./Core/Src/main.o
                0x08000ae8                Error_Handler
 .text.HAL_MspInit
                0x08000aec       0x34 ./Core/Src/stm32g4xx_hal_msp.o
                0x08000aec                HAL_MspInit
 .text.NMI_Handler
                0x08000b20        0x2 ./Core/Src/stm32g4xx_it.o
                0x08000b20                NMI_Handler
 .text.HardFault_Handler
                0x08000b22        0x2 ./Core/Src/stm32g4xx_it.o
                0x08000b22                HardFault_Handler
 .text.MemManage_Handler
                0x08000b24        0x2 ./Core/Src/stm32g4xx_it.o
                0x08000b24                MemManage_Handler
 .text.BusFault_Handler
                0x08000b26        0x2 ./Core/Src/stm32g4xx_it.o
                0x08000b26                BusFault_Handler
 .text.UsageFault_Handler
                0x08000b28        0x2 ./Core/Src/stm32g4xx_it.o
                0x08000b28                UsageFault_Handler
 .text.SVC_Handler
                0x08000b2a        0x2 ./Core/Src/stm32g4xx_it.o
                0x08000b2a                SVC_Handler
 .text.DebugMon_Handler
                0x08000b2c        0x2 ./Core/Src/stm32g4xx_it.o
                0x08000b2c                DebugMon_Handler
 .text.PendSV_Handler
                0x08000b2e        0x2 ./Core/Src/stm32g4xx_it.o
                0x08000b2e                PendSV_Handler
 .text.SysTick_Handler
                0x08000b30        0x4 ./Core/Src/stm32g4xx_it.o
                0x08000b30                SysTick_Handler
 .text.UART4_IRQHandler
                0x08000b34        0xc ./Core/Src/stm32g4xx_it.o
                0x08000b34                UART4_IRQHandler
 .text.TIM6_DAC_IRQHandler
                0x08000b40        0xc ./Core/Src/stm32g4xx_it.o
                0x08000b40                TIM6_DAC_IRQHandler
 .text.SystemInit
                0x08000b4c       0x14 ./Core/Src/system_stm32g4xx.o
                0x08000b4c                SystemInit
 .text.MX_TIM6_Init
                0x08000b60       0x48 ./Core/Src/tim.o
                0x08000b60                MX_TIM6_Init
 .text.HAL_TIM_Base_MspInit
                0x08000ba8       0xbc ./Core/Src/tim.o
                0x08000ba8                HAL_TIM_Base_MspInit
 .text.HAL_TIM_MspPostInit
                0x08000c64       0xd8 ./Core/Src/tim.o
                0x08000c64                HAL_TIM_MspPostInit
 .text.MX_TIM1_Init
                0x08000d3c      0x118 ./Core/Src/tim.o
                0x08000d3c                MX_TIM1_Init
 .text.MX_TIM2_Init
                0x08000e54       0xd0 ./Core/Src/tim.o
                0x08000e54                MX_TIM2_Init
 .text.MX_TIM3_Init
                0x08000f24       0xd4 ./Core/Src/tim.o
                0x08000f24                MX_TIM3_Init
 .text.MX_TIM4_Init
                0x08000ff8       0xd4 ./Core/Src/tim.o
                0x08000ff8                MX_TIM4_Init
 .text.MX_UART4_Init
                0x080010cc       0x6c ./Core/Src/usart.o
                0x080010cc                MX_UART4_Init
 .text.HAL_UART_MspInit
                0x08001138       0x98 ./Core/Src/usart.o
                0x08001138                HAL_UART_MspInit
 .text.Reset_Handler
                0x080011d0       0x50 ./Core/Startup/startup_stm32g474retx.o
                0x080011d0                Reset_Handler
 .text.Default_Handler
                0x08001220        0x2 ./Core/Startup/startup_stm32g474retx.o
                0x08001220                RTC_Alarm_IRQHandler
                0x08001220                EXTI2_IRQHandler
                0x08001220                TIM8_TRG_COM_IRQHandler
                0x08001220                TIM8_CC_IRQHandler
                0x08001220                HRTIM1_Master_IRQHandler
                0x08001220                SPI4_IRQHandler
                0x08001220                FDCAN3_IT0_IRQHandler
                0x08001220                TIM1_CC_IRQHandler
                0x08001220                HRTIM1_FLT_IRQHandler
                0x08001220                HRTIM1_TIMF_IRQHandler
                0x08001220                USB_HP_IRQHandler
                0x08001220                CORDIC_IRQHandler
                0x08001220                HRTIM1_TIMD_IRQHandler
                0x08001220                DMA2_Channel8_IRQHandler
                0x08001220                EXTI3_IRQHandler
                0x08001220                I2C3_ER_IRQHandler
                0x08001220                EXTI0_IRQHandler
                0x08001220                I2C2_EV_IRQHandler
                0x08001220                FPU_IRQHandler
                0x08001220                FDCAN1_IT1_IRQHandler
                0x08001220                TIM1_UP_TIM16_IRQHandler
                0x08001220                ADC1_2_IRQHandler
                0x08001220                HRTIM1_TIME_IRQHandler
                0x08001220                SPI1_IRQHandler
                0x08001220                HRTIM1_TIMC_IRQHandler
                0x08001220                TIM8_UP_IRQHandler
                0x08001220                DMA2_Channel2_IRQHandler
                0x08001220                DMA1_Channel4_IRQHandler
                0x08001220                TIM20_TRG_COM_IRQHandler
                0x08001220                USART3_IRQHandler
                0x08001220                DMA1_Channel7_IRQHandler
                0x08001220                UART5_IRQHandler
                0x08001220                ADC3_IRQHandler
                0x08001220                TIM4_IRQHandler
                0x08001220                DMA2_Channel1_IRQHandler
                0x08001220                QUADSPI_IRQHandler
                0x08001220                I2C1_EV_IRQHandler
                0x08001220                DMA1_Channel6_IRQHandler
                0x08001220                DMA2_Channel4_IRQHandler
                0x08001220                TIM3_IRQHandler
                0x08001220                RCC_IRQHandler
                0x08001220                TIM20_UP_IRQHandler
                0x08001220                DMA1_Channel1_IRQHandler
                0x08001220                Default_Handler
                0x08001220                DMA2_Channel7_IRQHandler
                0x08001220                RTC_TAMP_LSECSS_IRQHandler
                0x08001220                FMAC_IRQHandler
                0x08001220                EXTI15_10_IRQHandler
                0x08001220                DMA1_Channel8_IRQHandler
                0x08001220                HRTIM1_TIMA_IRQHandler
                0x08001220                TIM7_DAC_IRQHandler
                0x08001220                FDCAN3_IT1_IRQHandler
                0x08001220                TIM5_IRQHandler
                0x08001220                UCPD1_IRQHandler
                0x08001220                I2C3_EV_IRQHandler
                0x08001220                EXTI9_5_IRQHandler
                0x08001220                RTC_WKUP_IRQHandler
                0x08001220                PVD_PVM_IRQHandler
                0x08001220                SPI2_IRQHandler
                0x08001220                ADC5_IRQHandler
                0x08001220                DMA2_Channel5_IRQHandler
                0x08001220                CRS_IRQHandler
                0x08001220                DMA1_Channel5_IRQHandler
                0x08001220                USB_LP_IRQHandler
                0x08001220                EXTI4_IRQHandler
                0x08001220                RNG_IRQHandler
                0x08001220                HRTIM1_TIMB_IRQHandler
                0x08001220                TIM1_TRG_COM_TIM17_IRQHandler
                0x08001220                FDCAN2_IT1_IRQHandler
                0x08001220                DMA1_Channel3_IRQHandler
                0x08001220                ADC4_IRQHandler
                0x08001220                WWDG_IRQHandler
                0x08001220                I2C4_EV_IRQHandler
                0x08001220                FDCAN2_IT0_IRQHandler
                0x08001220                LPUART1_IRQHandler
                0x08001220                DMA2_Channel6_IRQHandler
                0x08001220                FDCAN1_IT0_IRQHandler
                0x08001220                TIM2_IRQHandler
                0x08001220                COMP7_IRQHandler
                0x08001220                COMP1_2_3_IRQHandler
                0x08001220                EXTI1_IRQHandler
                0x08001220                USART2_IRQHandler
                0x08001220                COMP4_5_6_IRQHandler
                0x08001220                TIM20_BRK_IRQHandler
                0x08001220                I2C2_ER_IRQHandler
                0x08001220                DMA1_Channel2_IRQHandler
                0x08001220                TIM8_BRK_IRQHandler
                0x08001220                FLASH_IRQHandler
                0x08001220                TIM20_CC_IRQHandler
                0x08001220                USART1_IRQHandler
                0x08001220                SPI3_IRQHandler
                0x08001220                I2C1_ER_IRQHandler
                0x08001220                FMC_IRQHandler
                0x08001220                LPTIM1_IRQHandler
                0x08001220                DMAMUX_OVR_IRQHandler
                0x08001220                I2C4_ER_IRQHandler
                0x08001220                USBWakeUp_IRQHandler
                0x08001220                SAI1_IRQHandler
                0x08001220                DMA2_Channel3_IRQHandler
                0x08001220                TIM1_BRK_TIM15_IRQHandler
 *fill*         0x08001222        0x2 
 .text.HAL_InitTick
                0x08001224       0x4c ./Drivers/STM32G4xx_HAL_Driver/stm32g4xx_hal.o
                0x08001224                HAL_InitTick
 .text.HAL_Init
                0x08001270       0x1e ./Drivers/STM32G4xx_HAL_Driver/stm32g4xx_hal.o
                0x08001270                HAL_Init
 *fill*         0x0800128e        0x2 
 .text.HAL_IncTick
                0x08001290       0x18 ./Drivers/STM32G4xx_HAL_Driver/stm32g4xx_hal.o
                0x08001290                HAL_IncTick
 .text.HAL_GetTick
                0x080012a8        0xc ./Drivers/STM32G4xx_HAL_Driver/stm32g4xx_hal.o
                0x080012a8                HAL_GetTick
 .text.HAL_NVIC_SetPriorityGrouping
                0x080012b4       0x24 ./Drivers/STM32G4xx_HAL_Driver/stm32g4xx_hal_cortex.o
                0x080012b4                HAL_NVIC_SetPriorityGrouping
 .text.HAL_NVIC_SetPriority
                0x080012d8       0x64 ./Drivers/STM32G4xx_HAL_Driver/stm32g4xx_hal_cortex.o
                0x080012d8                HAL_NVIC_SetPriority
 .text.HAL_NVIC_EnableIRQ
                0x0800133c       0x1c ./Drivers/STM32G4xx_HAL_Driver/stm32g4xx_hal_cortex.o
                0x0800133c                HAL_NVIC_EnableIRQ
 .text.HAL_SYSTICK_Config
                0x08001358       0x28 ./Drivers/STM32G4xx_HAL_Driver/stm32g4xx_hal_cortex.o
                0x08001358                HAL_SYSTICK_Config
 .text.HAL_DMA_Abort
                0x08001380       0x6c ./Drivers/STM32G4xx_HAL_Driver/stm32g4xx_hal_dma.o
                0x08001380                HAL_DMA_Abort
 .text.HAL_DMA_Abort_IT
                0x080013ec       0x76 ./Drivers/STM32G4xx_HAL_Driver/stm32g4xx_hal_dma.o
                0x080013ec                HAL_DMA_Abort_IT
 .text.HAL_DMA_GetError
                0x08001462        0x4 ./Drivers/STM32G4xx_HAL_Driver/stm32g4xx_hal_dma.o
                0x08001462                HAL_DMA_GetError
 *fill*         0x08001466        0x2 
 .text.FLASH_Program_Fast
                0x08001468       0x2c ./Drivers/STM32G4xx_HAL_Driver/stm32g4xx_hal_flash.o
 .text.HAL_FLASH_Unlock
                0x08001494       0x24 ./Drivers/STM32G4xx_HAL_Driver/stm32g4xx_hal_flash.o
                0x08001494                HAL_FLASH_Unlock
 .text.HAL_FLASH_Lock
                0x080014b8       0x18 ./Drivers/STM32G4xx_HAL_Driver/stm32g4xx_hal_flash.o
                0x080014b8                HAL_FLASH_Lock
 .text.FLASH_WaitForLastOperation
                0x080014d0       0x50 ./Drivers/STM32G4xx_HAL_Driver/stm32g4xx_hal_flash.o
                0x080014d0                FLASH_WaitForLastOperation
 .text.HAL_FLASH_Program
                0x08001520       0xa4 ./Drivers/STM32G4xx_HAL_Driver/stm32g4xx_hal_flash.o
                0x08001520                HAL_FLASH_Program
 .text.FLASH_MassErase
                0x080015c4       0x3c ./Drivers/STM32G4xx_HAL_Driver/stm32g4xx_hal_flash_ex.o
 .text.FLASH_PageErase
                0x08001600       0x44 ./Drivers/STM32G4xx_HAL_Driver/stm32g4xx_hal_flash_ex.o
                0x08001600                FLASH_PageErase
 .text.FLASH_FlushCaches
                0x08001644       0x60 ./Drivers/STM32G4xx_HAL_Driver/stm32g4xx_hal_flash_ex.o
                0x08001644                FLASH_FlushCaches
 .text.HAL_FLASHEx_Erase
                0x080016a4       0xdc ./Drivers/STM32G4xx_HAL_Driver/stm32g4xx_hal_flash_ex.o
                0x080016a4                HAL_FLASHEx_Erase
 .text.HAL_GPIO_Init
                0x08001780      0x19c ./Drivers/STM32G4xx_HAL_Driver/stm32g4xx_hal_gpio.o
                0x08001780                HAL_GPIO_Init
 .text.HAL_GPIO_WritePin
                0x0800191c        0xa ./Drivers/STM32G4xx_HAL_Driver/stm32g4xx_hal_gpio.o
                0x0800191c                HAL_GPIO_WritePin
 *fill*         0x08001926        0x2 
 .text.HAL_PWREx_ControlVoltageScaling
                0x08001928       0xb0 ./Drivers/STM32G4xx_HAL_Driver/stm32g4xx_hal_pwr_ex.o
                0x08001928                HAL_PWREx_ControlVoltageScaling
 .text.HAL_PWREx_DisableUCPDDeadBattery
                0x080019d8       0x10 ./Drivers/STM32G4xx_HAL_Driver/stm32g4xx_hal_pwr_ex.o
                0x080019d8                HAL_PWREx_DisableUCPDDeadBattery
 .text.HAL_RCC_OscConfig
                0x080019e8      0x418 ./Drivers/STM32G4xx_HAL_Driver/stm32g4xx_hal_rcc.o
                0x080019e8                HAL_RCC_OscConfig
 .text.HAL_RCC_GetSysClockFreq
                0x08001e00       0x6c ./Drivers/STM32G4xx_HAL_Driver/stm32g4xx_hal_rcc.o
                0x08001e00                HAL_RCC_GetSysClockFreq
 .text.HAL_RCC_ClockConfig
                0x08001e6c      0x1e8 ./Drivers/STM32G4xx_HAL_Driver/stm32g4xx_hal_rcc.o
                0x08001e6c                HAL_RCC_ClockConfig
 .text.HAL_RCC_GetPCLK1Freq
                0x08002054       0x24 ./Drivers/STM32G4xx_HAL_Driver/stm32g4xx_hal_rcc.o
                0x08002054                HAL_RCC_GetPCLK1Freq
 .text.HAL_RCC_GetPCLK2Freq
                0x08002078       0x24 ./Drivers/STM32G4xx_HAL_Driver/stm32g4xx_hal_rcc.o
                0x08002078                HAL_RCC_GetPCLK2Freq
 .text.HAL_RCCEx_PeriphCLKConfig
                0x0800209c      0x2f0 ./Drivers/STM32G4xx_HAL_Driver/stm32g4xx_hal_rcc_ex.o
                0x0800209c                HAL_RCCEx_PeriphCLKConfig
 .text.TIM_OC1_SetConfig
                0x0800238c       0x80 ./Drivers/STM32G4xx_HAL_Driver/stm32g4xx_hal_tim.o
 .text.TIM_OC3_SetConfig
                0x0800240c       0x8c ./Drivers/STM32G4xx_HAL_Driver/stm32g4xx_hal_tim.o
 .text.TIM_OC4_SetConfig
                0x08002498       0x8c ./Drivers/STM32G4xx_HAL_Driver/stm32g4xx_hal_tim.o
 .text.TIM_OC5_SetConfig
                0x08002524       0x70 ./Drivers/STM32G4xx_HAL_Driver/stm32g4xx_hal_tim.o
 .text.TIM_OC6_SetConfig
                0x08002594       0x70 ./Drivers/STM32G4xx_HAL_Driver/stm32g4xx_hal_tim.o
 .text.TIM_TI1_ConfigInputStage
                0x08002604       0x5c ./Drivers/STM32G4xx_HAL_Driver/stm32g4xx_hal_tim.o
 .text.TIM_TI2_ConfigInputStage
                0x08002660       0x48 ./Drivers/STM32G4xx_HAL_Driver/stm32g4xx_hal_tim.o
 .text.HAL_TIM_Base_Start_IT
                0x080026a8       0x7c ./Drivers/STM32G4xx_HAL_Driver/stm32g4xx_hal_tim.o
                0x080026a8                HAL_TIM_Base_Start_IT
 .text.HAL_TIM_PWM_MspInit
                0x08002724        0x2 ./Drivers/STM32G4xx_HAL_Driver/stm32g4xx_hal_tim.o
                0x08002724                HAL_TIM_PWM_MspInit
 .text.HAL_TIM_OC_DelayElapsedCallback
                0x08002726        0x2 ./Drivers/STM32G4xx_HAL_Driver/stm32g4xx_hal_tim.o
                0x08002726                HAL_TIM_OC_DelayElapsedCallback
 .text.HAL_TIM_IC_CaptureCallback
                0x08002728        0x2 ./Drivers/STM32G4xx_HAL_Driver/stm32g4xx_hal_tim.o
                0x08002728                HAL_TIM_IC_CaptureCallback
 .text.HAL_TIM_PWM_PulseFinishedCallback
                0x0800272a        0x2 ./Drivers/STM32G4xx_HAL_Driver/stm32g4xx_hal_tim.o
                0x0800272a                HAL_TIM_PWM_PulseFinishedCallback
 .text.HAL_TIM_TriggerCallback
                0x0800272c        0x2 ./Drivers/STM32G4xx_HAL_Driver/stm32g4xx_hal_tim.o
                0x0800272c                HAL_TIM_TriggerCallback
 .text.HAL_TIM_IRQHandler
                0x0800272e      0x19e ./Drivers/STM32G4xx_HAL_Driver/stm32g4xx_hal_tim.o
                0x0800272e                HAL_TIM_IRQHandler
 .text.TIM_Base_SetConfig
                0x080028cc       0xb8 ./Drivers/STM32G4xx_HAL_Driver/stm32g4xx_hal_tim.o
                0x080028cc                TIM_Base_SetConfig
 .text.HAL_TIM_Base_Init
                0x08002984       0x60 ./Drivers/STM32G4xx_HAL_Driver/stm32g4xx_hal_tim.o
                0x08002984                HAL_TIM_Base_Init
 .text.HAL_TIM_PWM_Init
                0x080029e4       0x60 ./Drivers/STM32G4xx_HAL_Driver/stm32g4xx_hal_tim.o
                0x080029e4                HAL_TIM_PWM_Init
 .text.TIM_OC2_SetConfig
                0x08002a44       0x8c ./Drivers/STM32G4xx_HAL_Driver/stm32g4xx_hal_tim.o
                0x08002a44                TIM_OC2_SetConfig
 .text.HAL_TIM_PWM_ConfigChannel
                0x08002ad0       0xf8 ./Drivers/STM32G4xx_HAL_Driver/stm32g4xx_hal_tim.o
                0x08002ad0                HAL_TIM_PWM_ConfigChannel
 .text.TIM_ETR_SetConfig
                0x08002bc8       0x14 ./Drivers/STM32G4xx_HAL_Driver/stm32g4xx_hal_tim.o
                0x08002bc8                TIM_ETR_SetConfig
 .text.HAL_TIM_ConfigClockSource
                0x08002bdc      0x144 ./Drivers/STM32G4xx_HAL_Driver/stm32g4xx_hal_tim.o
                0x08002bdc                HAL_TIM_ConfigClockSource
 .text.TIM_CCxChannelCmd
                0x08002d20       0x1c ./Drivers/STM32G4xx_HAL_Driver/stm32g4xx_hal_tim.o
                0x08002d20                TIM_CCxChannelCmd
 .text.HAL_TIM_OC_Start
                0x08002d3c      0x124 ./Drivers/STM32G4xx_HAL_Driver/stm32g4xx_hal_tim.o
                0x08002d3c                HAL_TIM_OC_Start
 .text.HAL_TIM_PWM_Start
                0x08002e60        0x4 ./Drivers/STM32G4xx_HAL_Driver/stm32g4xx_hal_tim.o
                0x08002e60                HAL_TIM_PWM_Start
 .text.HAL_TIMEx_MasterConfigSynchronization
                0x08002e64       0xa0 ./Drivers/STM32G4xx_HAL_Driver/stm32g4xx_hal_tim_ex.o
                0x08002e64                HAL_TIMEx_MasterConfigSynchronization
 .text.HAL_TIMEx_ConfigBreakDeadTime
                0x08002f04       0x9c ./Drivers/STM32G4xx_HAL_Driver/stm32g4xx_hal_tim_ex.o
                0x08002f04                HAL_TIMEx_ConfigBreakDeadTime
 .text.HAL_TIMEx_CommutCallback
                0x08002fa0        0x2 ./Drivers/STM32G4xx_HAL_Driver/stm32g4xx_hal_tim_ex.o
                0x08002fa0                HAL_TIMEx_CommutCallback
 .text.HAL_TIMEx_BreakCallback
                0x08002fa2        0x2 ./Drivers/STM32G4xx_HAL_Driver/stm32g4xx_hal_tim_ex.o
                0x08002fa2                HAL_TIMEx_BreakCallback
 .text.HAL_TIMEx_Break2Callback
                0x08002fa4        0x2 ./Drivers/STM32G4xx_HAL_Driver/stm32g4xx_hal_tim_ex.o
                0x08002fa4                HAL_TIMEx_Break2Callback
 .text.HAL_TIMEx_EncoderIndexCallback
                0x08002fa6        0x2 ./Drivers/STM32G4xx_HAL_Driver/stm32g4xx_hal_tim_ex.o
                0x08002fa6                HAL_TIMEx_EncoderIndexCallback
 .text.HAL_TIMEx_DirectionChangeCallback
                0x08002fa8        0x2 ./Drivers/STM32G4xx_HAL_Driver/stm32g4xx_hal_tim_ex.o
                0x08002fa8                HAL_TIMEx_DirectionChangeCallback
 .text.HAL_TIMEx_IndexErrorCallback
                0x08002faa        0x2 ./Drivers/STM32G4xx_HAL_Driver/stm32g4xx_hal_tim_ex.o
                0x08002faa                HAL_TIMEx_IndexErrorCallback
 .text.HAL_TIMEx_TransitionErrorCallback
                0x08002fac        0x2 ./Drivers/STM32G4xx_HAL_Driver/stm32g4xx_hal_tim_ex.o
                0x08002fac                HAL_TIMEx_TransitionErrorCallback
 *fill*         0x08002fae        0x2 
 .text.UART_EndRxTransfer
                0x08002fb0       0x58 ./Drivers/STM32G4xx_HAL_Driver/stm32g4xx_hal_uart.o
 .text.HAL_UART_AbortReceive
                0x08003008       0xa8 ./Drivers/STM32G4xx_HAL_Driver/stm32g4xx_hal_uart.o
                0x08003008                HAL_UART_AbortReceive
 .text.HAL_UART_TxCpltCallback
                0x080030b0        0x2 ./Drivers/STM32G4xx_HAL_Driver/stm32g4xx_hal_uart.o
                0x080030b0                HAL_UART_TxCpltCallback
 .text.UART_DMAAbortOnError
                0x080030b2        0xa ./Drivers/STM32G4xx_HAL_Driver/stm32g4xx_hal_uart.o
 .text.HAL_UARTEx_RxEventCallback
                0x080030bc        0x2 ./Drivers/STM32G4xx_HAL_Driver/stm32g4xx_hal_uart.o
                0x080030bc                HAL_UARTEx_RxEventCallback
 *fill*         0x080030be        0x2 
 .text.HAL_UART_IRQHandler
                0x080030c0      0x304 ./Drivers/STM32G4xx_HAL_Driver/stm32g4xx_hal_uart.o
                0x080030c0                HAL_UART_IRQHandler
 .text.UART_RxISR_8BIT
                0x080033c4       0xcc ./Drivers/STM32G4xx_HAL_Driver/stm32g4xx_hal_uart.o
 .text.UART_RxISR_16BIT
                0x08003490       0xc4 ./Drivers/STM32G4xx_HAL_Driver/stm32g4xx_hal_uart.o
 .text.UART_RxISR_8BIT_FIFOEN
                0x08003554      0x1a0 ./Drivers/STM32G4xx_HAL_Driver/stm32g4xx_hal_uart.o
 .text.UART_RxISR_16BIT_FIFOEN
                0x080036f4      0x198 ./Drivers/STM32G4xx_HAL_Driver/stm32g4xx_hal_uart.o
 .text.UART_SetConfig
                0x0800388c      0x254 ./Drivers/STM32G4xx_HAL_Driver/stm32g4xx_hal_uart.o
                0x0800388c                UART_SetConfig
 .text.UART_AdvFeatureConfig
                0x08003ae0       0xa8 ./Drivers/STM32G4xx_HAL_Driver/stm32g4xx_hal_uart.o
                0x08003ae0                UART_AdvFeatureConfig
 .text.UART_WaitOnFlagUntilTimeout
                0x08003b88       0x90 ./Drivers/STM32G4xx_HAL_Driver/stm32g4xx_hal_uart.o
                0x08003b88                UART_WaitOnFlagUntilTimeout
 .text.HAL_UART_Transmit
                0x08003c18       0xb6 ./Drivers/STM32G4xx_HAL_Driver/stm32g4xx_hal_uart.o
                0x08003c18                HAL_UART_Transmit
 .text.UART_CheckIdleState
                0x08003cce       0xb6 ./Drivers/STM32G4xx_HAL_Driver/stm32g4xx_hal_uart.o
                0x08003cce                UART_CheckIdleState
 .text.HAL_UART_Init
                0x08003d84       0x60 ./Drivers/STM32G4xx_HAL_Driver/stm32g4xx_hal_uart.o
                0x08003d84                HAL_UART_Init
 .text.UART_Start_Receive_IT
                0x08003de4      0x114 ./Drivers/STM32G4xx_HAL_Driver/stm32g4xx_hal_uart.o
                0x08003de4                UART_Start_Receive_IT
 .text.HAL_UART_Receive_IT
                0x08003ef8       0x44 ./Drivers/STM32G4xx_HAL_Driver/stm32g4xx_hal_uart.o
                0x08003ef8                HAL_UART_Receive_IT
 .text.UARTEx_SetNbDataToProcess
                0x08003f3c       0x44 ./Drivers/STM32G4xx_HAL_Driver/stm32g4xx_hal_uart_ex.o
 .text.HAL_UARTEx_WakeupCallback
                0x08003f80        0x2 ./Drivers/STM32G4xx_HAL_Driver/stm32g4xx_hal_uart_ex.o
                0x08003f80                HAL_UARTEx_WakeupCallback
 .text.HAL_UARTEx_RxFifoFullCallback
                0x08003f82        0x2 ./Drivers/STM32G4xx_HAL_Driver/stm32g4xx_hal_uart_ex.o
                0x08003f82                HAL_UARTEx_RxFifoFullCallback
 .text.HAL_UARTEx_TxFifoEmptyCallback
                0x08003f84        0x2 ./Drivers/STM32G4xx_HAL_Driver/stm32g4xx_hal_uart_ex.o
                0x08003f84                HAL_UARTEx_TxFifoEmptyCallback
 .text.HAL_UARTEx_DisableFifoMode
                0x08003f86       0x36 ./Drivers/STM32G4xx_HAL_Driver/stm32g4xx_hal_uart_ex.o
                0x08003f86                HAL_UARTEx_DisableFifoMode
 .text.HAL_UARTEx_SetTxFifoThreshold
                0x08003fbc       0x40 ./Drivers/STM32G4xx_HAL_Driver/stm32g4xx_hal_uart_ex.o
                0x08003fbc                HAL_UARTEx_SetTxFifoThreshold
 .text.HAL_UARTEx_SetRxFifoThreshold
                0x08003ffc       0x40 ./Drivers/STM32G4xx_HAL_Driver/stm32g4xx_hal_uart_ex.o
                0x08003ffc                HAL_UARTEx_SetRxFifoThreshold
 .text.config_defaults
                0x0800403c       0x54 ./Libs/libConfig/src/config.o
                0x0800403c                config_defaults
 .text.config_load
                0x08004090       0xb0 ./Libs/libConfig/src/config.o
                0x08004090                config_load
 .text.config_save
                0x08004140       0xb8 ./Libs/libConfig/src/config.o
                0x08004140                config_save
 .text.config_apply
                0x080041f8       0x9c ./Libs/libConfig/src/config.o
                0x080041f8                config_apply
 .text.config_validate_reg
                0x08004294       0x4c ./Libs/libConfig/src/config.o
                0x08004294                config_validate_reg
 .text.config_set_reg
                0x080042e0       0x34 ./Libs/libConfig/src/config.o
                0x080042e0                config_set_reg
 .text.config_get_reg
                0x08004314       0x38 ./Libs/libConfig/src/config.o
                0x08004314                config_get_reg
 .text.modbus_crc16
                0x0800434c       0x28 ./Libs/libModbus/src/modbus_crc16.o
                0x0800434c                modbus_crc16
 .text.modbus_slave_init
                0x08004374       0x5e ./Libs/libModbus/src/modbus_slave.o
                0x08004374                modbus_slave_init
 .text.modbus_slave_rx_byte
                0x080043d2       0x52 ./Libs/libModbus/src/modbus_slave.o
                0x080043d2                modbus_slave_rx_byte
 .text.modbus_slave_1_5t_elapsed
                0x08004424       0x10 ./Libs/libModbus/src/modbus_slave.o
                0x08004424                modbus_slave_1_5t_elapsed
 .text.modbus_slave_3_5t_elapsed
                0x08004434       0x40 ./Libs/libModbus/src/modbus_slave.o
                0x08004434                modbus_slave_3_5t_elapsed
 .text.modbus_slave_poll
                0x08004474      0x15a ./Libs/libModbus/src/modbus_slave.o
                0x08004474                modbus_slave_poll
 .text.handle_read_coils
                0x080045ce       0x56 ./Libs/libModbus/src/modbus_slave_handlers.o
                0x080045ce                handle_read_coils
 .text.handle_read_discrete_inputs
                0x08004624       0x56 ./Libs/libModbus/src/modbus_slave_handlers.o
                0x08004624                handle_read_discrete_inputs
 .text.handle_read_holding_registers
                0x0800467a       0x54 ./Libs/libModbus/src/modbus_slave_handlers.o
                0x0800467a                handle_read_holding_registers
 .text.handle_read_input_registers
                0x080046ce       0x54 ./Libs/libModbus/src/modbus_slave_handlers.o
                0x080046ce                handle_read_input_registers
 .text.handle_write_single_coil
                0x08004722       0x52 ./Libs/libModbus/src/modbus_slave_handlers.o
                0x08004722                handle_write_single_coil
 .text.handle_write_single_register
                0x08004774       0x48 ./Libs/libModbus/src/modbus_slave_handlers.o
                0x08004774                handle_write_single_register
 .text.handle_write_multiple_coils
                0x080047bc       0x68 ./Libs/libModbus/src/modbus_slave_handlers.o
                0x080047bc                handle_write_multiple_coils
 .text.handle_write_multiple_registers
                0x08004824       0x66 ./Libs/libModbus/src/modbus_slave_handlers.o
                0x08004824                handle_write_multiple_registers
 .text.handle_mask_write_register
                0x0800488a       0x54 ./Libs/libModbus/src/modbus_slave_handlers.o
                0x0800488a                handle_mask_write_register
 .text.handle_read_write_multiple_registers
                0x080048de       0x8e ./Libs/libModbus/src/modbus_slave_handlers.o
                0x080048de                handle_read_write_multiple_registers
 .text.memset   0x0800496c       0x10 C:/ST/STM32CubeIDE_2.1.1/STM32CubeIDE/plugins/com.st.stm32cube.ide.mcu.externaltools.gnu-tools-for-stm32.14.3.rel1.win32_1.0.100.202602081740/tools/bin/../lib/gcc/arm-none-eabi/14.3.1/../../../../arm-none-eabi/lib/thumb/v7e-m+fp/hard\libc_nano.a(libc_a-memset.o)
                0x0800496c                memset
 .text.__libc_init_array
                0x0800497c       0x48 C:/ST/STM32CubeIDE_2.1.1/STM32CubeIDE/plugins/com.st.stm32cube.ide.mcu.externaltools.gnu-tools-for-stm32.14.3.rel1.win32_1.0.100.202602081740/tools/bin/../lib/gcc/arm-none-eabi/14.3.1/../../../../arm-none-eabi/lib/thumb/v7e-m+fp/hard\libc_nano.a(libc_a-init.o)
                0x0800497c                __libc_init_array
 .text.memcpy   0x080049c4       0x1c C:/ST/STM32CubeIDE_2.1.1/STM32CubeIDE/plugins/com.st.stm32cube.ide.mcu.externaltools.gnu-tools-for-stm32.14.3.rel1.win32_1.0.100.202602081740/tools/bin/../lib/gcc/arm-none-eabi/14.3.1/../../../../arm-none-eabi/lib/thumb/v7e-m+fp/hard\libc_nano.a(libc_a-memcpy-stub.o)
                0x080049c4                memcpy
 *(.glue_7)
 .glue_7        0x080049e0        0x0 linker stubs
 *(.glue_7t)
 .glue_7t       0x080049e0        0x0 linker stubs
 *(.eh_frame)
 .eh_frame      0x080049e0        0x0 C:/ST/STM32CubeIDE_2.1.1/STM32CubeIDE/plugins/com.st.stm32cube.ide.mcu.externaltools.gnu-tools-for-stm32.14.3.rel1.win32_1.0.100.202602081740/tools/bin/../lib/gcc/arm-none-eabi/14.3.1/thumb/v7e-m+fp/hard/crtbegin.o
 *(.init)
 .init          0x080049e0        0x4 C:/ST/STM32CubeIDE_2.1.1/STM32CubeIDE/plugins/com.st.stm32cube.ide.mcu.externaltools.gnu-tools-for-stm32.14.3.rel1.win32_1.0.100.202602081740/tools/bin/../lib/gcc/arm-none-eabi/14.3.1/thumb/v7e-m+fp/hard/crti.o
                0x080049e0                _init
 .init          0x080049e4        0x8 C:/ST/STM32CubeIDE_2.1.1/STM32CubeIDE/plugins/com.st.stm32cube.ide.mcu.externaltools.gnu-tools-for-stm32.14.3.rel1.win32_1.0.100.202602081740/tools/bin/../lib/gcc/arm-none-eabi/14.3.1/thumb/v7e-m+fp/hard/crtn.o
 *(.fini)
 .fini          0x080049ec        0x4 C:/ST/STM32CubeIDE_2.1.1/STM32CubeIDE/plugins/com.st.stm32cube.ide.mcu.externaltools.gnu-tools-for-stm32.14.3.rel1.win32_1.0.100.202602081740/tools/bin/../lib/gcc/arm-none-eabi/14.3.1/thumb/v7e-m+fp/hard/crti.o
                0x080049ec                _fini
 .fini          0x080049f0        0x8 C:/ST/STM32CubeIDE_2.1.1/STM32CubeIDE/plugins/com.st.stm32cube.ide.mcu.externaltools.gnu-tools-for-stm32.14.3.rel1.win32_1.0.100.202602081740/tools/bin/../lib/gcc/arm-none-eabi/14.3.1/thumb/v7e-m+fp/hard/crtn.o
                0x080049f8                        . = ALIGN (0x4)
                0x080049f8                        _etext = .

.vfp11_veneer   0x080049f8        0x0
 .vfp11_veneer  0x080049f8        0x0 linker stubs

.v4_bx          0x080049f8        0x0
 .v4_bx         0x080049f8        0x0 linker stubs

.iplt           0x080049f8        0x0
 .iplt          0x080049f8        0x0 C:/ST/STM32CubeIDE_2.1.1/STM32CubeIDE/plugins/com.st.stm32cube.ide.mcu.externaltools.gnu-tools-for-stm32.14.3.rel1.win32_1.0.100.202602081740/tools/bin/../lib/gcc/arm-none-eabi/14.3.1/thumb/v7e-m+fp/hard/crtbegin.o

.rodata         0x080049f8     0x22ec
                0x080049f8                        . = ALIGN (0x4)
 *(.rodata)
 *(.rodata*)
 .rodata.pwm_map
                0x080049f8       0x80 ./Core/Src/app.o
 .rodata.brightness_lut
                0x08004a78     0x2000 ./Core/Src/app.o
 .rodata.APBPrescTable
                0x08006a78        0x8 ./Core/Src/system_stm32g4xx.o
                0x08006a78                APBPrescTable
 .rodata.AHBPrescTable
                0x08006a80       0x10 ./Core/Src/system_stm32g4xx.o
                0x08006a80                AHBPrescTable
 .rodata.UARTPrescTable
                0x08006a90       0x18 ./Drivers/STM32G4xx_HAL_Driver/stm32g4xx_hal_uart.o
                0x08006a90                UARTPrescTable
 .rodata.denominator.0
                0x08006aa8        0x8 ./Drivers/STM32G4xx_HAL_Driver/stm32g4xx_hal_uart_ex.o
 .rodata.numerator.1
                0x08006ab0        0x8 ./Drivers/STM32G4xx_HAL_Driver/stm32g4xx_hal_uart_ex.o
 .rodata.config_baud_table
                0x08006ab8       0x2c ./Libs/libConfig/src/config.o
                0x08006ab8                config_baud_table
 .rodata.modbus_crc16_table
                0x08006ae4      0x200 ./Libs/libModbus/src/modbus_crc16.o
                0x08006ae4                modbus_crc16_table
                0x08006ce4                        . = ALIGN (0x4)

.ARM.extab      0x08006ce4        0x0
                0x08006ce4                        . = ALIGN (0x4)
 *(.ARM.extab* .gnu.linkonce.armextab.*)
                0x08006ce4                        . = ALIGN (0x4)

.ARM            0x08006ce4        0x8
                0x08006ce4                        . = ALIGN (0x4)
                0x08006ce4                        __exidx_start = .
 *(.ARM.exidx*)
 .ARM.exidx     0x08006ce4        0x8 C:/ST/STM32CubeIDE_2.1.1/STM32CubeIDE/plugins/com.st.stm32cube.ide.mcu.externaltools.gnu-tools-for-stm32.14.3.rel1.win32_1.0.100.202602081740/tools/bin/../lib/gcc/arm-none-eabi/14.3.1/thumb/v7e-m+fp/hard\libgcc.a(_udivmoddi4.o)
                0x08006cec                        __exidx_end = .
                0x08006cec                        . = ALIGN (0x4)

.preinit_array  0x08006cec        0x0
                0x08006cec                        . = ALIGN (0x4)
                0x08006cec                        PROVIDE (__preinit_array_start = .)
 *(.preinit_array*)
                0x08006cec                        PROVIDE (__preinit_array_end = .)
                0x08006cec                        . = ALIGN (0x4)

.init_array     0x08006cec        0x4
                0x08006cec                        . = ALIGN (0x4)
                0x08006cec                        PROVIDE (__init_array_start = .)
 *(SORT_BY_NAME(.init_array.*))
 *(.init_array*)
 .init_array    0x08006cec        0x4 C:/ST/STM32CubeIDE_2.1.1/STM32CubeIDE/plugins/com.st.stm32cube.ide.mcu.externaltools.gnu-tools-for-stm32.14.3.rel1.win32_1.0.100.202602081740/tools/bin/../lib/gcc/arm-none-eabi/14.3.1/thumb/v7e-m+fp/hard/crtbegin.o
                0x08006cf0                        PROVIDE (__init_array_end = .)
                0x08006cf0                        . = ALIGN (0x4)

.fini_array     0x08006cf0        0x4
                0x08006cf0                        . = ALIGN (0x4)
                [!provide]                        PROVIDE (__fini_array_start = .)
 *(SORT_BY_NAME(.fini_array.*))
 *(.fini_array*)
 .fini_array    0x08006cf0        0x4 C:/ST/STM32CubeIDE_2.1.1/STM32CubeIDE/plugins/com.st.stm32cube.ide.mcu.externaltools.gnu-tools-for-stm32.14.3.rel1.win32_1.0.100.202602081740/tools/bin/../lib/gcc/arm-none-eabi/14.3.1/thumb/v7e-m+fp/hard/crtbegin.o
                [!provide]                        PROVIDE (__fini_array_end = .)
                0x08006cf4                        . = ALIGN (0x4)
                0x08006cf4                        _sidata = LOADADDR (.data)

.rel.dyn        0x08006cf4        0x0
 .rel.iplt      0x08006cf4        0x0 C:/ST/STM32CubeIDE_2.1.1/STM32CubeIDE/plugins/com.st.stm32cube.ide.mcu.externaltools.gnu-tools-for-stm32.14.3.rel1.win32_1.0.100.202602081740/tools/bin/../lib/gcc/arm-none-eabi/14.3.1/thumb/v7e-m+fp/hard/crtbegin.o

.data           0x20000000       0x2c load address 0x08006cf4
                0x20000000                        . = ALIGN (0x4)
                0x20000000                        _sdata = .
 *(.data)
 *(.data*)
 .data.SystemCoreClock
                0x20000000        0x4 ./Core/Src/system_stm32g4xx.o
                0x20000000                SystemCoreClock
 .data.uwTickFreq
                0x20000004        0x4 ./Drivers/STM32G4xx_HAL_Driver/stm32g4xx_hal.o
                0x20000004                uwTickFreq
 .data.uwTickPrio
                0x20000008        0x4 ./Drivers/STM32G4xx_HAL_Driver/stm32g4xx_hal.o
                0x20000008                uwTickPrio
 .data.pFlash   0x2000000c       0x20 ./Drivers/STM32G4xx_HAL_Driver/stm32g4xx_hal_flash.o
                0x2000000c                pFlash
 *(.RamFunc)
 *(.RamFunc*)
                0x2000002c                        . = ALIGN (0x4)
                0x2000002c                        _edata = .

.igot.plt       0x2000002c        0x0 load address 0x08006d20
 .igot.plt      0x2000002c        0x0 C:/ST/STM32CubeIDE_2.1.1/STM32CubeIDE/plugins/com.st.stm32cube.ide.mcu.externaltools.gnu-tools-for-stm32.14.3.rel1.win32_1.0.100.202602081740/tools/bin/../lib/gcc/arm-none-eabi/14.3.1/thumb/v7e-m+fp/hard/crtbegin.o
                0x2000002c                        . = ALIGN (0x4)

.bss            0x2000002c      0x630 load address 0x08006d20
                0x2000002c                        _sbss = .
                0x2000002c                        __bss_start__ = _sbss
 *(.bss)
 .bss           0x2000002c       0x1c C:/ST/STM32CubeIDE_2.1.1/STM32CubeIDE/plugins/com.st.stm32cube.ide.mcu.externaltools.gnu-tools-for-stm32.14.3.rel1.win32_1.0.100.202602081740/tools/bin/../lib/gcc/arm-none-eabi/14.3.1/thumb/v7e-m+fp/hard/crtbegin.o
 *(.bss*)
 .bss.pending_reboot
                0x20000048        0x1 ./Core/Src/app.o
 *fill*         0x20000049        0x3 
 .bss.cfg       0x2000004c       0x50 ./Core/Src/app.o
 .bss.last_tick
                0x2000009c        0x4 ./Core/Src/app.o
 .bss.current_pwm_fp
                0x200000a0       0x40 ./Core/Src/app.o
 .bss.pwm       0x200000e0       0x20 ./Core/Src/app.o
 .bss.timer_counter
                0x20000100        0x1 ./Core/Src/app.o
 .bss.uart_rx_buf
                0x20000101        0x1 ./Core/Src/app.o
 *fill*         0x20000102        0x2 
 .bss.modbus    0x20000104      0x344 ./Core/Src/app.o
 .bss.htim6     0x20000448       0x4c ./Core/Src/tim.o
                0x20000448                htim6
 .bss.htim4     0x20000494       0x4c ./Core/Src/tim.o
                0x20000494                htim4
 .bss.htim3     0x200004e0       0x4c ./Core/Src/tim.o
                0x200004e0                htim3
 .bss.htim2     0x2000052c       0x4c ./Core/Src/tim.o
                0x2000052c                htim2
 .bss.htim1     0x20000578       0x4c ./Core/Src/tim.o
                0x20000578                htim1
 .bss.huart4    0x200005c4       0x94 ./Core/Src/usart.o
                0x200005c4                huart4
 .bss.uwTick    0x20000658        0x4 ./Drivers/STM32G4xx_HAL_Driver/stm32g4xx_hal.o
                0x20000658                uwTick
 *(COMMON)
                0x2000065c                        . = ALIGN (0x4)
                0x2000065c                        _ebss = .
                0x2000065c                        __bss_end__ = _ebss

._user_heap_stack
                0x2000065c      0x604 load address 0x08006d20
                0x20000660                        . = ALIGN (0x8)
 *fill*         0x2000065c        0x4 
                [!provide]                        PROVIDE (end = .)
                0x20000660                        PROVIDE (_end = .)
                0x20000860                        . = (. + _Min_Heap_Size)
 *fill*         0x20000660      0x200 
                0x20000c60                        . = (. + _Min_Stack_Size)
 *fill*         0x20000860      0x400 
                0x20000c60                        . = ALIGN (0x8)

/DISCARD/
 libc.a(*)
 libm.a(*)
 libgcc.a(*)

.ARM.attributes
                0x00000000       0x30
 *(.ARM.attributes)
 .ARM.attributes
                0x00000000       0x22 C:/ST/STM32CubeIDE_2.1.1/STM32CubeIDE/plugins/com.st.stm32cube.ide.mcu.externaltools.gnu-tools-for-stm32.14.3.rel1.win32_1.0.100.202602081740/tools/bin/../lib/gcc/arm-none-eabi/14.3.1/thumb/v7e-m+fp/hard/crti.o
 .ARM.attributes
                0x00000022       0x34 C:/ST/STM32CubeIDE_2.1.1/STM32CubeIDE/plugins/com.st.stm32cube.ide.mcu.externaltools.gnu-tools-for-stm32.14.3.rel1.win32_1.0.100.202602081740/tools/bin/../lib/gcc/arm-none-eabi/14.3.1/thumb/v7e-m+fp/hard/crtbegin.o
 .ARM.attributes
                0x00000056       0x34 ./Core/Src/app.o
 .ARM.attributes
                0x0000008a       0x34 ./Core/Src/gpio.o
 .ARM.attributes
                0x000000be       0x34 ./Core/Src/main.o
 .ARM.attributes
                0x000000f2       0x34 ./Core/Src/stm32g4xx_hal_msp.o
 .ARM.attributes
                0x00000126       0x34 ./Core/Src/stm32g4xx_it.o
 .ARM.attributes
                0x0000015a       0x34 ./Core/Src/system_stm32g4xx.o
 .ARM.attributes
                0x0000018e       0x34 ./Core/Src/tim.o
 .ARM.attributes
                0x000001c2       0x34 ./Core/Src/usart.o
 .ARM.attributes
                0x000001f6       0x21 ./Core/Startup/startup_stm32g474retx.o
 .ARM.attributes
                0x00000217       0x34 ./Drivers/STM32G4xx_HAL_Driver/stm32g4xx_hal.o
 .ARM.attributes
                0x0000024b       0x34 ./Drivers/STM32G4xx_HAL_Driver/stm32g4xx_hal_cortex.o
 .ARM.attributes
                0x0000027f       0x34 ./Drivers/STM32G4xx_HAL_Driver/stm32g4xx_hal_dma.o
 .ARM.attributes
                0x000002b3       0x34 ./Drivers/STM32G4xx_HAL_Driver/stm32g4xx_hal_flash.o
 .ARM.attributes
                0x000002e7       0x34 ./Drivers/STM32G4xx_HAL_Driver/stm32g4xx_hal_flash_ex.o
 .ARM.attributes
                0x0000031b       0x34 ./Drivers/STM32G4xx_HAL_Driver/stm32g4xx_hal_gpio.o
 .ARM.attributes
                0x0000034f       0x34 ./Drivers/STM32G4xx_HAL_Driver/stm32g4xx_hal_pwr_ex.o
 .ARM.attributes
                0x00000383       0x34 ./Drivers/STM32G4xx_HAL_Driver/stm32g4xx_hal_rcc.o
 .ARM.attributes
                0x000003b7       0x34 ./Drivers/STM32G4xx_HAL_Driver/stm32g4xx_hal_rcc_ex.o
 .ARM.attributes
                0x000003eb       0x34 ./Drivers/STM32G4xx_HAL_Driver/stm32g4xx_hal_tim.o
 .ARM.attributes
                0x0000041f       0x34 ./Drivers/STM32G4xx_HAL_Driver/stm32g4xx_hal_tim_ex.o
 .ARM.attributes
                0x00000453       0x34 ./Drivers/STM32G4xx_HAL_Driver/stm32g4xx_hal_uart.o
 .ARM.attributes
                0x00000487       0x34 ./Drivers/STM32G4xx_HAL_Driver/stm32g4xx_hal_uart_ex.o
 .ARM.attributes
                0x000004bb       0x34 ./Libs/libConfig/src/config.o
 .ARM.attributes
                0x000004ef       0x34 ./Libs/libModbus/src/modbus_crc16.o
 .ARM.attributes
                0x00000523       0x34 ./Libs/libModbus/src/modbus_slave.o
 .ARM.attributes
                0x00000557       0x34 ./Libs/libModbus/src/modbus_slave_handlers.o
 .ARM.attributes
                0x0000058b       0x34 C:/ST/STM32CubeIDE_2.1.1/STM32CubeIDE/plugins/com.st.stm32cube.ide.mcu.externaltools.gnu-tools-for-stm32.14.3.rel1.win32_1.0.100.202602081740/tools/bin/../lib/gcc/arm-none-eabi/14.3.1/../../../../arm-none-eabi/lib/thumb/v7e-m+fp/hard\libc_nano.a(libc_a-memset.o)
 .ARM.attributes
                0x000005bf       0x34 C:/ST/STM32CubeIDE_2.1.1/STM32CubeIDE/plugins/com.st.stm32cube.ide.mcu.externaltools.gnu-tools-for-stm32.14.3.rel1.win32_1.0.100.202602081740/tools/bin/../lib/gcc/arm-none-eabi/14.3.1/../../../../arm-none-eabi/lib/thumb/v7e-m+fp/hard\libc_nano.a(libc_a-init.o)
 .ARM.attributes
                0x000005f3       0x34 C:/ST/STM32CubeIDE_2.1.1/STM32CubeIDE/plugins/com.st.stm32cube.ide.mcu.externaltools.gnu-tools-for-stm32.14.3.rel1.win32_1.0.100.202602081740/tools/bin/../lib/gcc/arm-none-eabi/14.3.1/../../../../arm-none-eabi/lib/thumb/v7e-m+fp/hard\libc_nano.a(libc_a-memcpy-stub.o)
 .ARM.attributes
                0x00000627       0x22 C:/ST/STM32CubeIDE_2.1.1/STM32CubeIDE/plugins/com.st.stm32cube.ide.mcu.externaltools.gnu-tools-for-stm32.14.3.rel1.win32_1.0.100.202602081740/tools/bin/../lib/gcc/arm-none-eabi/14.3.1/thumb/v7e-m+fp/hard\libgcc.a(_aeabi_uldivmod.o)
 .ARM.attributes
                0x00000649       0x34 C:/ST/STM32CubeIDE_2.1.1/STM32CubeIDE/plugins/com.st.stm32cube.ide.mcu.externaltools.gnu-tools-for-stm32.14.3.rel1.win32_1.0.100.202602081740/tools/bin/../lib/gcc/arm-none-eabi/14.3.1/thumb/v7e-m+fp/hard\libgcc.a(_udivmoddi4.o)
 .ARM.attributes
                0x0000067d       0x22 C:/ST/STM32CubeIDE_2.1.1/STM32CubeIDE/plugins/com.st.stm32cube.ide.mcu.externaltools.gnu-tools-for-stm32.14.3.rel1.win32_1.0.100.202602081740/tools/bin/../lib/gcc/arm-none-eabi/14.3.1/thumb/v7e-m+fp/hard\libgcc.a(_dvmd_tls.o)
 .ARM.attributes
                0x0000069f       0x22 C:/ST/STM32CubeIDE_2.1.1/STM32CubeIDE/plugins/com.st.stm32cube.ide.mcu.externaltools.gnu-tools-for-stm32.14.3.rel1.win32_1.0.100.202602081740/tools/bin/../lib/gcc/arm-none-eabi/14.3.1/thumb/v7e-m+fp/hard/crtn.o
OUTPUT(OM-16LED.elf elf32-littlearm)
LOAD linker stubs
LOAD C:/ST/STM32CubeIDE_2.1.1/STM32CubeIDE/plugins/com.st.stm32cube.ide.mcu.externaltools.gnu-tools-for-stm32.14.3.rel1.win32_1.0.100.202602081740/tools/bin/../lib/gcc/arm-none-eabi/14.3.1/../../../../arm-none-eabi/lib/thumb/v7e-m+fp/hard\libc.a
LOAD C:/ST/STM32CubeIDE_2.1.1/STM32CubeIDE/plugins/com.st.stm32cube.ide.mcu.externaltools.gnu-tools-for-stm32.14.3.rel1.win32_1.0.100.202602081740/tools/bin/../lib/gcc/arm-none-eabi/14.3.1/../../../../arm-none-eabi/lib/thumb/v7e-m+fp/hard\libm.a
LOAD C:/ST/STM32CubeIDE_2.1.1/STM32CubeIDE/plugins/com.st.stm32cube.ide.mcu.externaltools.gnu-tools-for-stm32.14.3.rel1.win32_1.0.100.202602081740/tools/bin/../lib/gcc/arm-none-eabi/14.3.1/thumb/v7e-m+fp/hard\libgcc.a

.comment        0x00000000       0x43
 .comment       0x00000000       0x43 ./Core/Src/app.o
                                 0x44 (size before relaxing)
 .comment       0x00000043       0x44 ./Core/Src/gpio.o
 .comment       0x00000043       0x44 ./Core/Src/main.o
 .comment       0x00000043       0x44 ./Core/Src/stm32g4xx_hal_msp.o
 .comment       0x00000043       0x44 ./Core/Src/stm32g4xx_it.o
 .comment       0x00000043       0x44 ./Core/Src/system_stm32g4xx.o
 .comment       0x00000043       0x44 ./Core/Src/tim.o
 .comment       0x00000043       0x44 ./Core/Src/usart.o
 .comment       0x00000043       0x44 ./Drivers/STM32G4xx_HAL_Driver/stm32g4xx_hal.o
 .comment       0x00000043       0x44 ./Drivers/STM32G4xx_HAL_Driver/stm32g4xx_hal_cortex.o
 .comment       0x00000043       0x44 ./Drivers/STM32G4xx_HAL_Driver/stm32g4xx_hal_dma.o
 .comment       0x00000043       0x44 ./Drivers/STM32G4xx_HAL_Driver/stm32g4xx_hal_flash.o
 .comment       0x00000043       0x44 ./Drivers/STM32G4xx_HAL_Driver/stm32g4xx_hal_flash_ex.o
 .comment       0x00000043       0x44 ./Drivers/STM32G4xx_HAL_Driver/stm32g4xx_hal_gpio.o
 .comment       0x00000043       0x44 ./Drivers/STM32G4xx_HAL_Driver/stm32g4xx_hal_pwr_ex.o
 .comment       0x00000043       0x44 ./Drivers/STM32G4xx_HAL_Driver/stm32g4xx_hal_rcc.o
 .comment       0x00000043       0x44 ./Drivers/STM32G4xx_HAL_Driver/stm32g4xx_hal_rcc_ex.o
 .comment       0x00000043       0x44 ./Drivers/STM32G4xx_HAL_Driver/stm32g4xx_hal_tim.o
 .comment       0x00000043       0x44 ./Drivers/STM32G4xx_HAL_Driver/stm32g4xx_hal_tim_ex.o
 .comment       0x00000043       0x44 ./Drivers/STM32G4xx_HAL_Driver/stm32g4xx_hal_uart.o
 .comment       0x00000043       0x44 ./Drivers/STM32G4xx_HAL_Driver/stm32g4xx_hal_uart_ex.o
 .comment       0x00000043       0x44 ./Libs/libConfig/src/config.o
 .comment       0x00000043       0x44 ./Libs/libModbus/src/modbus_crc16.o
 .comment       0x00000043       0x44 ./Libs/libModbus/src/modbus_slave.o
 .comment       0x00000043       0x44 ./Libs/libModbus/src/modbus_slave_handlers.o

.debug_frame    0x00000000       0xd4
 .debug_frame   0x00000000       0x20 C:/ST/STM32CubeIDE_2.1.1/STM32CubeIDE/plugins/com.st.stm32cube.ide.mcu.externaltools.gnu-tools-for-stm32.14.3.rel1.win32_1.0.100.202602081740/tools/bin/../lib/gcc/arm-none-eabi/14.3.1/../../../../arm-none-eabi/lib/thumb/v7e-m+fp/hard\libc_nano.a(libc_a-memset.o)
 .debug_frame   0x00000020       0x2c C:/ST/STM32CubeIDE_2.1.1/STM32CubeIDE/plugins/com.st.stm32cube.ide.mcu.externaltools.gnu-tools-for-stm32.14.3.rel1.win32_1.0.100.202602081740/tools/bin/../lib/gcc/arm-none-eabi/14.3.1/../../../../arm-none-eabi/lib/thumb/v7e-m+fp/hard\libc_nano.a(libc_a-init.o)
 .debug_frame   0x0000004c       0x28 C:/ST/STM32CubeIDE_2.1.1/STM32CubeIDE/plugins/com.st.stm32cube.ide.mcu.externaltools.gnu-tools-for-stm32.14.3.rel1.win32_1.0.100.202602081740/tools/bin/../lib/gcc/arm-none-eabi/14.3.1/../../../../arm-none-eabi/lib/thumb/v7e-m+fp/hard\libc_nano.a(libc_a-memcpy-stub.o)
 .debug_frame   0x00000074       0x2c C:/ST/STM32CubeIDE_2.1.1/STM32CubeIDE/plugins/com.st.stm32cube.ide.mcu.externaltools.gnu-tools-for-stm32.14.3.rel1.win32_1.0.100.202602081740/tools/bin/../lib/gcc/arm-none-eabi/14.3.1/thumb/v7e-m+fp/hard\libgcc.a(_aeabi_uldivmod.o)
 .debug_frame   0x000000a0       0x34 C:/ST/STM32CubeIDE_2.1.1/STM32CubeIDE/plugins/com.st.stm32cube.ide.mcu.externaltools.gnu-tools-for-stm32.14.3.rel1.win32_1.0.100.202602081740/tools/bin/../lib/gcc/arm-none-eabi/14.3.1/thumb/v7e-m+fp/hard\libgcc.a(_udivmoddi4.o)
